// Jest Snapshot v1, https://goo.gl/fbAQLP

exports[`Make Snapshot file , Departments Component 1`] = `
<div
  id="content"
>
  <div
    className="row"
  >
    <BigBreadcrumbs
      className="col-xs-12 col-sm-7 col-md-7 col-lg-4"
      icon="fa fa-fw fa-Users"
      items={
        Array [
          "کاربران",
          "دپارتمان",
        ]
      }
    />
  </div>
  <WidgetGrid>
    <div
      className="row"
    >
      <article
        className="col-sm-12"
      >
        <JarvisWidget
          collapsed={false}
          color={false}
          colorbutton={false}
          custombutton={false}
          deletebutton={false}
          editbutton={false}
          fullscreenbutton={true}
          hidden={false}
          load={false}
          refresh={false}
          sortable={true}
          togglebutton={false}
        >
          <header>
            <span
              className="widget-icon"
            >
               
              <i
                className="fa fa-bars"
              />
               
            </span>
            <h2 />
            <div
              className="widget-toolbar"
            >
              <a
                className="btn btn-outline-success little_btn"
                onClick={[Function]}
              >
                <i
                  className="fa fa-plus"
                />
                <span />
              </a>
            </div>
          </header>
          <div
            className="tab-content"
            id="myTabContent1"
          >
            <div
              className="tab-pane fade in active"
            >
              <div
                className="row"
              >
                <div
                  className="col-sm-6 margin-top-10"
                >
                  <h2
                    className="h2"
                  >
                    <span
                      className="widget-icon"
                    >
                       
                      <i
                        className="fa fa-sitemap"
                      />
                       
                    </span>
                     
                     
                  </h2>
                </div>
              </div>
              <hr />
              <div
                className="tree smart-form"
              >
                <TreeView
                  items={Array []}
                  role="tree"
                />
              </div>
            </div>
          </div>
        </JarvisWidget>
      </article>
    </div>
  </WidgetGrid>
  <div
    className="modal fade-in-up"
    id="DepartmentBox"
    role="dialog"
  >
    <div
      className="modal-dialog modal-full"
    >
      <div
        className="modal-content"
        id="DepartmentBoxBody"
      >
        <div
          className="modal-header"
        >
          <button
            aria-hidden="true"
            className="close"
            data-dismiss="modal"
            type="button"
          >
            ×
          </button>
          <h4
            className="modal-title"
          >
            تنظیمات دپارتمان
          </h4>
        </div>
        <DepartmentForm
          Data={Array []}
          Departments={Array []}
          Disable={[Function]}
          Edit={false}
          Enable={[Function]}
          Parent=""
          Refresh={[Function]}
          t={[Function]}
        />
      </div>
    </div>
  </div>
  <div
    className="modal fade-in-up"
    id="AssignDepartmentUsers"
    role="dialog"
  >
    <div
      className="modal-dialog modal-full"
    >
      <div
        className="modal-content"
        id="AssignDepartmentUsersBody"
      >
        <div
          className="modal-header"
        >
          <button
            aria-hidden="true"
            className="close"
            data-dismiss="modal"
            type="button"
          >
            ×
          </button>
          <h4
            className="modal-title"
          />
        </div>
        <div
          className="modal-body"
        >
          <div
            className="alert alert-danger"
          >
            <p>
              کاربری برای انتصاب وجود ندارد
            </p>
          </div>
        </div>
      </div>
    </div>
  </div>
</div>
`;
