// Jest Snapshot v1, https://goo.gl/fbAQLP

exports[`Make Snapshot file , Groups Component 1`] = `
<div
  id="content"
>
  <div
    className="row"
  >
    <BigBreadcrumbs
      className="col-xs-12 col-sm-7 col-md-7 col-lg-4"
      icon="fa fa-fw fa-table"
      items={
        Array [
          "کاربران",
          "گروه",
        ]
      }
    />
  </div>
  <WidgetGrid>
    <div
      className="row"
    >
      <article
        className="col-sm-12"
      >
        <JarvisWidget
          collapsed={false}
          color={false}
          colorbutton={false}
          custombutton={false}
          deletebutton={false}
          editbutton={false}
          fullscreenbutton={true}
          hidden={false}
          load={false}
          refresh={false}
          sortable={true}
          togglebutton={false}
        >
          <header>
            <span
              className="widget-icon"
            >
               
              <i
                className="fa fa-bars"
              />
               
            </span>
            <h2>
               
               
            </h2>
            <div
              className="widget-toolbar"
            >
              <a
                className="btn btn-outline-success little_btn"
                onClick={[Function]}
              >
                 
                <i
                  className="fa fa-plus"
                />
                <span />
              </a>
            </div>
          </header>
          <div
            className="tab-content"
            id="myTabContent1"
          >
            <div
              className="tab-pane fade in active"
            >
              <Datatable
                className="table table-striped table-bordered table-hover"
                deleteAct={[Function]}
                filter={true}
                options={
                  Object {
                    "columns": Array [
                      Object {
                        "data": "grp_title",
                      },
                      Object {
                        "data": "grp_status",
                        "render": [Function],
                      },
                      Object {
                        "data": "grp_users",
                      },
                      Object {
                        "data": "grp_tasks",
                      },
                    ],
                    "data": Array [],
                  }
                }
                paginationLength={true}
                showAct={[Function]}
                width="100%"
              >
                <thead>
                  <tr>
                    <th
                      className="hasinput"
                      style={
                        Object {
                          "width": "18%",
                        }
                      }
                    >
                      <input
                        className="form-control "
                        id="dateselect_filter"
                        placeholder=""
                        type="text"
                      />
                    </th>
                    <th
                      className="hasinput"
                      style={
                        Object {
                          "width": "4%",
                        }
                      }
                    >
                      <input
                        className="form-control "
                        id="dateselect_filter"
                        placeholder=""
                        type="text"
                      />
                    </th>
                    <th
                      className="hasinput"
                      style={
                        Object {
                          "width": "4%",
                        }
                      }
                    >
                      <input
                        className="form-control "
                        id="dateselect_filter"
                        placeholder=""
                        type="text"
                      />
                    </th>
                    <th
                      className="hasinput"
                      style={
                        Object {
                          "width": "4%",
                        }
                      }
                    >
                      <input
                        className="form-control "
                        id="dateselect_filter"
                        placeholder=""
                        type="text"
                      />
                    </th>
                  </tr>
                  <tr>
                    <th
                      data-hide="phone"
                    >
                      <i
                        className="fa fa-fw fa-user text-muted hidden-md hidden-sm hidden-xs"
                      />
                    </th>
                    <th
                      data-hide="phone"
                    >
                      <i
                        className="fa fa-fw fa-star text-muted hidden-md hidden-sm hidden-xs"
                      />
                    </th>
                    <th
                      data-hide="phone,tablet"
                    >
                      <i
                        className="fa fa-fw fa-users txt-color-blue hidden-md hidden-sm hidden-xs"
                      />
                    </th>
                    <th
                      data-hide="phone,tablet"
                    >
                      <i
                        className="fa fa-fw fa-tasks txt-color-blue hidden-md hidden-sm hidden-xs"
                      />
                    </th>
                  </tr>
                </thead>
              </Datatable>
            </div>
          </div>
        </JarvisWidget>
      </article>
    </div>
  </WidgetGrid>
  <div
    className="modal fade"
    id="GroupBox"
    role="dialog"
  >
    <div
      className="modal-dialog"
    >
      <div
        className="modal-content"
      >
        <div
          className="modal-header"
        >
          <button
            className="close"
            data-dismiss="modal"
            type="button"
          >
            ×
          </button>
          <h4
            className="modal-title"
          >
             
          </h4>
        </div>
        <div
          className="modal-body"
        >
          <GroupForm
            Data={Array []}
            Disable={[Function]}
            Edit={false}
            Enable={[Function]}
            Refresh={[Function]}
            getUsers={false}
            setGroupsMembers={[Function]}
            t={[Function]}
          />
        </div>
      </div>
    </div>
  </div>
  <div
    className="modal fade"
    id="GroupMembers"
    role="dialog"
  >
    <div
      className="modal-dialog"
    >
      <div
        className="modal-content"
      >
        <div
          className="modal-header"
        >
          <button
            className="close"
            data-dismiss="modal"
            type="button"
          >
            ×
          </button>
          <h4
            className="modal-title"
          >
             
          </h4>
        </div>
        <div
          className="modal_option_bar padd_for_modal_optn"
        >
          <a
            className="btn btn-primary"
            onClick={[Function]}
          >
            <i
              className="fa fa-users"
            />
          </a>
        </div>
        <div>
          <Datatable
            className="table table-striped table-bordered table-hover"
            options={
              Object {
                "columns": Array [
                  Object {
                    "data": "usr_username",
                  },
                  Object {
                    "data": null,
                    "render": [Function],
                  },
                  Object {
                    "data": "usr_status",
                    "render": [Function],
                  },
                ],
                "data": Array [],
              }
            }
            paginationLength={true}
            width="100%"
          >
            <thead>
              <tr>
                <th
                  data-hide="phone"
                >
                  <i
                    className="fa fa-fw fa-user text-muted hidden-md hidden-sm hidden-xs"
                  />
                </th>
                <th
                  data-class="expand"
                >
                  <i
                    className="fa fa-fw fa-user text-muted hidden-md hidden-sm hidden-xs"
                  />
                </th>
                <th
                  data-hide="phone"
                >
                  <i
                    className="fa fa-fw fa-star text-muted hidden-md hidden-sm hidden-xs"
                  />
                  Status
                </th>
              </tr>
            </thead>
          </Datatable>
        </div>
        <div
          className="modal-footer"
        >
          <button
            className="btn btn-danger pull-right"
            data-dismiss="modal"
            type="button"
          >
            <i
              className="fa fa-close"
            />
             
          </button>
        </div>
      </div>
    </div>
  </div>
  <div
    className="modal fade"
    id="AssignUsers"
    role="dialog"
  >
    <div
      className="modal-dialog modal-lg"
    >
      <div
        className="modal-content"
      >
        <div
          className="modal-header"
        >
          <button
            className="close"
            onClick={[Function]}
            type="button"
          >
            ×
          </button>
          <h4
            className="modal-title"
          />
        </div>
        <div />
        <div
          className="modal-footer"
        >
          <button
            className="btn btn-default"
            data-dismiss="modal"
            onClick={[Function]}
            type="button btn btn-success"
          />
        </div>
      </div>
    </div>
  </div>
</div>
`;
